Γ£ö validateDashboardPassword compares with DASHBOARD_PASSWORD (1.8193ms)
Γ£ö validateDashboardPassword supports typo env fallback (0.1772ms)
Γ£ö createDashboardSessionToken + isDashboardSessionAuthorized (1.4155ms)
Γ£ö isDashboardSessionAuthorized rejects tampered token (0.2597ms)
Γ£ö isCronAuthorized accepts bearer token (0.3564ms)
Γ£ö isMonitorAuthorized accepts dashboard session for dashboard endpoints (0.4898ms)
Γ£ö isCronAuthorized only accepts dashboard session when explicitly enabled (0.3089ms)
Γ£ö dashboard login failures are throttled per client (1.1476ms)
Γ£ö dashboard login throttle increments atomically across concurrent failures (1.967ms)
Γ£ö session cookie headers include security attributes (0.4672ms)
Γ£ö shouldReuseCachedCookie rejects missing timestamp (0.8048ms)
Γ£ö shouldReuseCachedCookie accepts recently refreshed cookie (0.1346ms)
Γ£ö shouldReuseCachedCookie expires stale cookie (0.1313ms)
Γ£ö shouldBackoffCookieRefresh only during active cooldown (0.1877ms)
Γ£ö classifyErrorType recognizes common buckets (3.152ms)
Γ£ö normalizeCronLogEntry fills default fields (1.0065ms)
Γ£ö buildCronErrorLog derives code and type (0.2194ms)
Γ£û appendCronLogThrottled skips repeated info logs within throttle window (0.8374ms)
Γ£û appendCronLog keeps sent summaries in raw list and aggregates daily stats (0.2861ms)
Γ£û appendCronDailyStats aggregates failed delivery counts (0.2719ms)
Γ£û readCronDailyStats returns compact monthly summaries (2.8494ms)
Γ£û runCronJob includes per-step timing metrics in success status (0.9417ms)
Γ£ö shouldRunChannelValidation returns true for missing timestamp (0.6097ms)
Γ£ö shouldRunChannelValidation returns false before refresh window (0.1094ms)
Γ£ö shouldRunChannelValidation returns true after refresh window (0.0975ms)
Γ£û dispatchChapters sends new chapter and writes recent entries plus daily stats (2.1881ms)
Γ£û dispatchChapters skips invalid or already-sent chapters (0.517ms)
Γ£û dispatchChapters releases lock if all channels fail (0.3321ms)
Γ£û dispatchChapters runs onDispatchSuccess extra tasks (1.1051ms)
Γ£û dispatchChapters writes one summary log for multiple sent chapters (0.3755ms)
Γ£û dispatchChapters preserves chapter order even when later sends finish faster (0.352ms)
Γ£û dispatchChapters invalidates dashboard caches after write (0.3429ms)
Γ£û prepareDispatchQueue reports invalid, already sent, and over-limit counts (0.2912ms)
Γ£û prepareDispatchQueue ignores stale pending claims but blocks fresh pending claims (0.2859ms)
Γ£û dispatchChapters promotes successful pending claim to sent state (0.3703ms)
Γ£û dispatchChapters reclaims stale pending claim before sending (0.3973ms)
Γ£û prepareDispatchQueue blocks same title and chapter already sent from another source (0.3992ms)
Γ£û dispatchChapters dedupes same chapter across sources and prefers earliest update (0.3922ms)
Γ£û dispatchChapters persists sent state before moving to the next chapter (0.3071ms)
Γ£ö compactTitleKey removes all spaces and punctuation for strict deduplication (2.5388ms)
Γ£ö normalizeTitleKey removes punctuation but preserves internal spaces (0.1828ms)
Γ£ö isSameNormalizedTitle matches across punctuation variants using compact keys (0.1965ms)
Γ£ö getChapterNumber extracts numeric chapter (0.2989ms)
Γ£ö createWhitelistMatcher matches by normalized url in sources (1.8976ms)
Γ£ö createWhitelistMatcher matches exact normalized title if url missing (0.1569ms)
Γ£ö createWhitelistMatcher rejects partial title matches if url missing (1.7797ms)
Γ£ö createWhitelistMatcher rejects source mismatch (0.1412ms)
Γ£ö normalizeSource normalizes known aliases (1.6452ms)
Γ£ö normalizeSource defaults unknown source to ikiru (0.1226ms)
Γ£ö sourceLabel returns human-readable label (0.161ms)
Γ£ö normalizeSourceUrl normalizes shngm and shinigami domains (0.6611ms)
Γ£ö normalizeSourceUrl lowercases and trims trailing slash (0.1321ms)
Γ£ö inferSourceFromUrl detects canonical source from url (0.3575ms)
Γ£ö normalizeMarkReason returns key for valid reasons (1.2202ms)
Γ£ö normalizeMarkReason handles mixed casing and spacing (0.8599ms)
Γ£ö normalizeMarkReason returns null for clear/none/unknown (0.1874ms)
Γ£ö MARK_REASON_LABELS is frozen and contains expected keys (0.3807ms)
Γ£ö normalizeWhitelist returns empty array for non-array input (1.2563ms)
Γ£ö normalizeWhitelist skips items without title (1.0881ms)
Γ£ö normalizeWhitelist normalizes sources correctly (0.6891ms)
Γ£ö normalizeWhitelist deduplicates by normalized title key (0.3932ms)
Γ£ö normalizeWhitelist does not add duplicate source entries during merge (0.3159ms)
Γ£ö normalizeWhitelist handles items with no sources array (0.1876ms)
Γ£ö normalizeWhitelist normalizes mark reasons in sources (0.2048ms)
Γ£ö isGuildAdmin accepts administrator permission (0.7484ms)
Γ£ö isGuildAdmin accepts manage guild permission (0.9238ms)
Γ£ö isGuildAdmin rejects regular member permissions (0.15ms)
Γ£ö isAddAllowedUser accepts configured allowlist IDs (0.1833ms)
Γ£ö ensureAddAllowedResponse rejects users outside add allowlist (0.7909ms)
Γ£ö sortRecentItems uses sentOrder to stabilize same-batch ordering (1.4853ms)
Γ£ö channel store reads from hash without legacy scan (1.475ms)
Γ£ö channel store migrates legacy guild keys into hash (0.4032ms)
Γ£ö channel store falls back to legacy key for single guild and hydrates hash (0.1747ms)
Γ£ö channel store delete removes hash and legacy entries (0.2496ms)
Γ£û handleMyProgress: lazy migration during list (55.494ms)
Γ£û handleMyProgress: write updates to Hash and cleans Legacy (59.7747ms)
Γ£û handleMyProgress: clear removes from both Hash and Legacy (52.4342ms)
Γä╣ Error: Test "handleMyProgress: lazy migration during list" at tests\redis-consolidation.test.js:100:1 generated asynchronous activity after the test ended. This activity created the error "AxiosError: Request failed with status code 400" and would have caused the test to fail, but instead triggered an unhandledRejection event.
Γä╣ Error: Test "handleMyProgress: clear removes from both Hash and Legacy" at tests\redis-consolidation.test.js:151:1 generated asynchronous activity after the test ended. This activity created the error "AxiosError: Request failed with status code 400" and would have caused the test to fail, but instead triggered an unhandledRejection event.
Γ£ö resync chapter ordering should stay ascending within one title (1.0652ms)
Γ£ö resync chapter ordering should preserve title groups while sorting within each title (7.0672ms)
Γ£ö buildScrapeOptions keeps manual and cron scrape preferences aligned (1.9543ms)
Γ£û Ikiru whitelist flow narrows orchestration results before dispatch queueing (1.8845ms)
Γ£ö collectIkiruRecentChaptersFromMangaPage reads full series chapter list within 24h (6.6862ms)
Γ£ö collectIkiruRecentChaptersFromMangaPage respects seen chapter keys (0.9555ms)
Γ£ö collectIkiruRecentChaptersFromAjaxHtml reads multiple fresh chapters from chapter_list response (1.276ms)
Γ£ö shouldBreakIkiruLatestScan stops after consecutive stale pages (0.0988ms)
Γ£ö shouldPrioritizeSecondaryTitle defaults to true when no preferred set (0.6406ms)
Γ£ö shouldPrioritizeSecondaryTitle matches exact normalized titles only (0.22ms)
Γ£ö shouldPrioritizeSecondaryEntry can fall back to canonical manga url (0.5394ms)
file:///D:/ikiru-bot/tests/source-health.test.js:12
  sourceHealthKey,
  ^^^^^^^^^^^^^^^
SyntaxError: The requested module '../lib/services/health.js' does not provide an export named 'sourceHealthKey'
    at #_instantiate (node:internal/modules/esm/module_job:254:21)
    at async ModuleJob.run (node:internal/modules/esm/module_job:363:5)
    at async onImport.tracePromise.__proto__ (node:internal/modules/esm/loader:702:26)
    at async asyncRunEntryPointWithESMLoader (node:internal/modules/run_main:101:5)

Node.js v24.8.0
Γ£û tests\source-health.test.js (211.9958ms)
[cleanupMangaData] Error titleKey=solo leveling: redisClient.hdel is not a function
Γ£ö normalizeMarkReason accepts supported values (0.9142ms)
Γ£ö formatMarkedTitle appends label when mark exists (0.1622ms)
Γ£ö findWhitelistEntryIndex respects nested sources (0.7675ms)
Γ£ö resolveWhitelistQuery handles consolidated titles (0.2575ms)
Γ£ö resolveWhitelistQuery keeps numeric remove behavior stable (0.1422ms)
Γ£ö resolveWhitelistSource aligns source with canonical url (0.3117ms)
Γ£ö removeWhitelistEntry handles nested items (1.0318ms)
Γ£ö markWhitelistEntry marks all sources (0.3025ms)
Γ£ö resolveWhitelistQuery finds matches with minor typos (fuzzy) (0.3739ms)
Γ£û addWhitelistEntry prevents fuzzy title duplicates (1.2294ms)
Γ£ö formatMarkedTitle returns plain title when no mark (0.7672ms)
Γ£ö formatMarkedTitle appends label for valid mark on item (0.1288ms)
Γ£ö formatMarkedTitle reads mark from first source if item.mark is absent (0.1133ms)
Γ£ö formatMarkedTitle ignores invalid mark values (0.109ms)
Γ£ö formatMarkedTitle handles empty/undefined input (0.1489ms)
Γ£ö buildAddSuccessMessage formats correctly (0.198ms)
Γ£ö buildAddSuccessMessage handles shinigami source (0.1575ms)
Γ£ö buildAddExistsMessage formats correctly (0.1924ms)
Γä╣ tests 107
Γä╣ suites 0
Γä╣ pass 82
Γä╣ fail 25
Γä╣ cancelled 0
Γä╣ skipped 0
Γä╣ todo 0
Γä╣ duration_ms 764.6104

Γ£û failing tests:

test at tests\cron-logs.test.js:72:1
Γ£û appendCronLogThrottled skips repeated info logs within throttle window (0.8374ms)
  TypeError [Error]: redis.hget is not a function
      at appendCronDailyStats (file:///D:/ikiru-bot/lib/cronLogs.js:136:34)
      at appendCronLog (file:///D:/ikiru-bot/lib/cronLogs.js:154:9)
      at appendCronLogThrottled (file:///D:/ikiru-bot/lib/cronLogs.js:192:10)
      at async TestContext.<anonymous> (file:///D:/ikiru-bot/tests/cron-logs.test.js:76:17)
      at async Test.run (node:internal/test_runner/test:1113:7)
      at async Test.processPendingSubtests (node:internal/test_runner/test:788:7)

test at tests\cron-logs.test.js:96:1
Γ£û appendCronLog keeps sent summaries in raw list and aggregates daily stats (0.2861ms)
  TypeError [Error]: redis.hget is not a function
      at appendCronDailyStats (file:///D:/ikiru-bot/lib/cronLogs.js:136:34)
      at appendCronLog (file:///D:/ikiru-bot/lib/cronLogs.js:154:9)
      at TestContext.<anonymous> (file:///D:/ikiru-bot/tests/cron-logs.test.js:98:25)
      at Test.runInAsyncScope (node:async_hooks:214:14)
      at Test.run (node:internal/test_runner/test:1106:25)
      at Test.processPendingSubtests (node:internal/test_runner/test:788:18)
      at Test.postRun (node:internal/test_runner/test:1235:19)
      at Test.run (node:internal/test_runner/test:1163:12)
      at async Test.processPendingSubtests (node:internal/test_runner/test:788:7)

test at tests\cron-logs.test.js:120:1
Γ£û appendCronDailyStats aggregates failed delivery counts (0.2719ms)
  TypeError [Error]: redis.hget is not a function
      at appendCronDailyStats (file:///D:/ikiru-bot/lib/cronLogs.js:136:34)
      at TestContext.<anonymous> (file:///D:/ikiru-bot/tests/cron-logs.test.js:122:9)
      at Test.runInAsyncScope (node:async_hooks:214:14)
      at Test.run (node:internal/test_runner/test:1106:25)
      at Test.processPendingSubtests (node:internal/test_runner/test:788:18)
      at Test.postRun (node:internal/test_runner/test:1235:19)
      at Test.run (node:internal/test_runner/test:1163:12)
      at async Test.processPendingSubtests (node:internal/test_runner/test:788:7)

test at tests\cron-logs.test.js:144:1
Γ£û readCronDailyStats returns compact monthly summaries (2.8494ms)
  AssertionError [ERR_ASSERTION]: Expected values to be strictly deep-equal:
  + actual - expected
  
  + []
  - [
  -   {
  -     chaptersSent: 4,
  -     date: '2026-03-19',
  -     deliveryFailed: 0,
  -     failedLogs: 0,
  -     partialLogs: 0,
  -     runs: 2,
  -     sentLogs: 1,
  -     shortCircuits: 0
  -   },
  -   {
  -     chaptersSent: 0,
  -     date: '2026-03-20',
  -     deliveryFailed: 0,
  -     failedLogs: 0,
  -     partialLogs: 0,
  -     runs: 1,
  -     sentLogs: 0,
  -     shortCircuits: 1
  -   }
  - ]
  
      at TestContext.<anonymous> (file:///D:/ikiru-bot/tests/cron-logs.test.js:152:10)
      at async Test.run (node:internal/test_runner/test:1113:7)
      at async Test.processPendingSubtests (node:internal/test_runner/test:788:7) {
    generatedMessage: true,
    code: 'ERR_ASSERTION',
    actual: [],
    expected: [ { date: '2026-03-19', runs: 2, sentLogs: 1, partialLogs: 0, failedLogs: 0, shortCircuits: 0, chaptersSent: 4, deliveryFailed: 0 }, { date: '2026-03-20', runs: 1, sentLogs: 0, partialLogs: 0, failedLogs: 0, shortCircuits: 1, chaptersSent: 0, deliveryFailed: 0 } ],
    operator: 'deepStrictEqual',
    diff: 'simple'
  }

test at tests\cron-runtime.test.js:55:1
Γ£û runCronJob includes per-step timing metrics in success status (0.9417ms)
  TypeError [Error]: redisObj.hgetall is not a function
      at loadSourceHealthMap (file:///D:/ikiru-bot/lib/services/health.js:186:33)
      at runCronJob (file:///D:/ikiru-bot/lib/cronRuntime.js:289:5)
      at TestContext.<anonymous> (file:///D:/ikiru-bot/tests/cron-runtime.test.js:58:24)
      at Test.runInAsyncScope (node:async_hooks:214:14)
      at Test.run (node:internal/test_runner/test:1106:25)
      at Test.start (node:internal/test_runner/test:1003:17)
      at startSubtestAfterBootstrap (node:internal/test_runner/harness:358:17)

test at tests\dispatch.test.js:53:1
Γ£û dispatchChapters sends new chapter and writes recent entries plus daily stats (2.1881ms)
  TypeError [Error]: redis.hmget is not a function
      at prepareDispatchQueue (file:///D:/ikiru-bot/lib/services/dispatch.js:238:19)
      at dispatchChapters (file:///D:/ikiru-bot/lib/services/dispatch.js:346:28)
      at TestContext.<anonymous> (file:///D:/ikiru-bot/tests/dispatch.test.js:56:21)
      at Test.runInAsyncScope (node:async_hooks:214:14)
      at Test.run (node:internal/test_runner/test:1106:25)
      at Test.start (node:internal/test_runner/test:1003:17)
      at startSubtestAfterBootstrap (node:internal/test_runner/harness:358:17)

test at tests\dispatch.test.js:83:1
Γ£û dispatchChapters skips invalid or already-sent chapters (0.517ms)
  TypeError [Error]: redis.hmget is not a function
      at prepareDispatchQueue (file:///D:/ikiru-bot/lib/services/dispatch.js:238:19)
      at dispatchChapters (file:///D:/ikiru-bot/lib/services/dispatch.js:346:28)
      at TestContext.<anonymous> (file:///D:/ikiru-bot/tests/dispatch.test.js:87:21)
      at Test.runInAsyncScope (node:async_hooks:214:14)
      at Test.run (node:internal/test_runner/test:1106:25)
      at Test.processPendingSubtests (node:internal/test_runner/test:788:18)
      at Test.postRun (node:internal/test_runner/test:1235:19)
      at Test.run (node:internal/test_runner/test:1163:12)
      at async startSubtestAfterBootstrap (node:internal/test_runner/harness:358:3)

test at tests\dispatch.test.js:110:1
Γ£û dispatchChapters releases lock if all channels fail (0.3321ms)
  TypeError [Error]: redis.hmget is not a function
      at prepareDispatchQueue (file:///D:/ikiru-bot/lib/services/dispatch.js:238:19)
      at dispatchChapters (file:///D:/ikiru-bot/lib/services/dispatch.js:346:28)
      at TestContext.<anonymous> (file:///D:/ikiru-bot/tests/dispatch.test.js:114:21)
      at Test.runInAsyncScope (node:async_hooks:214:14)
      at Test.run (node:internal/test_runner/test:1106:25)
      at Test.processPendingSubtests (node:internal/test_runner/test:788:18)
      at Test.postRun (node:internal/test_runner/test:1235:19)
      at Test.run (node:internal/test_runner/test:1163:12)
      at async Test.processPendingSubtests (node:internal/test_runner/test:788:7)

test at tests\dispatch.test.js:140:1
Γ£û dispatchChapters runs onDispatchSuccess extra tasks (1.1051ms)
  TypeError [Error]: redis.hmget is not a function
      at prepareDispatchQueue (file:///D:/ikiru-bot/lib/services/dispatch.js:238:19)
      at dispatchChapters (file:///D:/ikiru-bot/lib/services/dispatch.js:346:28)
      at TestContext.<anonymous> (file:///D:/ikiru-bot/tests/dispatch.test.js:144:21)
      at Test.runInAsyncScope (node:async_hooks:214:14)
      at Test.run (node:internal/test_runner/test:1106:25)
      at Test.processPendingSubtests (node:internal/test_runner/test:788:18)
      at Test.postRun (node:internal/test_runner/test:1235:19)
      at Test.run (node:internal/test_runner/test:1163:12)
      at async Test.processPendingSubtests (node:internal/test_runner/test:788:7)

test at tests\dispatch.test.js:165:1
Γ£û dispatchChapters writes one summary log for multiple sent chapters (0.3755ms)
  TypeError [Error]: redis.hmget is not a function
      at prepareDispatchQueue (file:///D:/ikiru-bot/lib/services/dispatch.js:238:19)
      at dispatchChapters (file:///D:/ikiru-bot/lib/services/dispatch.js:346:28)
      at TestContext.<anonymous> (file:///D:/ikiru-bot/tests/dispatch.test.js:168:21)
      at Test.runInAsyncScope (node:async_hooks:214:14)
      at Test.run (node:internal/test_runner/test:1106:25)
      at Test.processPendingSubtests (node:internal/test_runner/test:788:18)
      at Test.postRun (node:internal/test_runner/test:1235:19)
      at Test.run (node:internal/test_runner/test:1163:12)
      at async Test.processPendingSubtests (node:internal/test_runner/test:788:7)

test at tests\dispatch.test.js:196:1
Γ£û dispatchChapters preserves chapter order even when later sends finish faster (0.352ms)
  TypeError [Error]: redis.hmget is not a function
      at prepareDispatchQueue (file:///D:/ikiru-bot/lib/services/dispatch.js:238:19)
      at dispatchChapters (file:///D:/ikiru-bot/lib/services/dispatch.js:346:28)
      at TestContext.<anonymous> (file:///D:/ikiru-bot/tests/dispatch.test.js:200:21)
      at Test.runInAsyncScope (node:async_hooks:214:14)
      at Test.run (node:internal/test_runner/test:1106:25)
      at Test.processPendingSubtests (node:internal/test_runner/test:788:18)
      at Test.postRun (node:internal/test_runner/test:1235:19)
      at Test.run (node:internal/test_runner/test:1163:12)
      at async Test.processPendingSubtests (node:internal/test_runner/test:788:7)

test at tests\dispatch.test.js:236:1
Γ£û dispatchChapters invalidates dashboard caches after write (0.3429ms)
  TypeError [Error]: redis.hmget is not a function
      at prepareDispatchQueue (file:///D:/ikiru-bot/lib/services/dispatch.js:238:19)
      at dispatchChapters (file:///D:/ikiru-bot/lib/services/dispatch.js:346:28)
      at TestContext.<anonymous> (file:///D:/ikiru-bot/tests/dispatch.test.js:241:21)
      at Test.runInAsyncScope (node:async_hooks:214:14)
      at Test.run (node:internal/test_runner/test:1106:25)
      at Test.processPendingSubtests (node:internal/test_runner/test:788:18)
      at Test.postRun (node:internal/test_runner/test:1235:19)
      at Test.run (node:internal/test_runner/test:1163:12)
      at async Test.processPendingSubtests (node:internal/test_runner/test:788:7)

test at tests\dispatch.test.js:261:1
Γ£û prepareDispatchQueue reports invalid, already sent, and over-limit counts (0.2912ms)
  TypeError [Error]: redis.hmget is not a function
      at prepareDispatchQueue (file:///D:/ikiru-bot/lib/services/dispatch.js:238:19)
      at TestContext.<anonymous> (file:///D:/ikiru-bot/tests/dispatch.test.js:265:21)
      at Test.runInAsyncScope (node:async_hooks:214:14)
      at Test.run (node:internal/test_runner/test:1106:25)
      at Test.processPendingSubtests (node:internal/test_runner/test:788:18)
      at Test.postRun (node:internal/test_runner/test:1235:19)
      at Test.run (node:internal/test_runner/test:1163:12)
      at async Test.processPendingSubtests (node:internal/test_runner/test:788:7)

test at tests\dispatch.test.js:295:1
Γ£û prepareDispatchQueue ignores stale pending claims but blocks fresh pending claims (0.2859ms)
  TypeError [Error]: redis.hmget is not a function
      at prepareDispatchQueue (file:///D:/ikiru-bot/lib/services/dispatch.js:238:19)
      at TestContext.<anonymous> (file:///D:/ikiru-bot/tests/dispatch.test.js:306:21)
      at Test.runInAsyncScope (node:async_hooks:214:14)
      at Test.run (node:internal/test_runner/test:1106:25)
      at Test.processPendingSubtests (node:internal/test_runner/test:788:18)
      at Test.postRun (node:internal/test_runner/test:1235:19)
      at Test.run (node:internal/test_runner/test:1163:12)
      at async Test.processPendingSubtests (node:internal/test_runner/test:788:7)

test at tests\dispatch.test.js:331:1
Γ£û dispatchChapters promotes successful pending claim to sent state (0.3703ms)
  TypeError [Error]: redis.hmget is not a function
      at prepareDispatchQueue (file:///D:/ikiru-bot/lib/services/dispatch.js:238:19)
      at dispatchChapters (file:///D:/ikiru-bot/lib/services/dispatch.js:346:28)
      at TestContext.<anonymous> (file:///D:/ikiru-bot/tests/dispatch.test.js:334:21)
      at Test.runInAsyncScope (node:async_hooks:214:14)
      at Test.run (node:internal/test_runner/test:1106:25)
      at Test.processPendingSubtests (node:internal/test_runner/test:788:18)
      at Test.postRun (node:internal/test_runner/test:1235:19)
      at Test.run (node:internal/test_runner/test:1163:12)
      at async Test.processPendingSubtests (node:internal/test_runner/test:788:7)

test at tests\dispatch.test.js:357:1
Γ£û dispatchChapters reclaims stale pending claim before sending (0.3973ms)
  TypeError [Error]: redis.hmget is not a function
      at prepareDispatchQueue (file:///D:/ikiru-bot/lib/services/dispatch.js:238:19)
      at dispatchChapters (file:///D:/ikiru-bot/lib/services/dispatch.js:346:28)
      at TestContext.<anonymous> (file:///D:/ikiru-bot/tests/dispatch.test.js:364:21)
      at Test.runInAsyncScope (node:async_hooks:214:14)
      at Test.run (node:internal/test_runner/test:1106:25)
      at Test.processPendingSubtests (node:internal/test_runner/test:788:18)
      at Test.postRun (node:internal/test_runner/test:1235:19)
      at Test.run (node:internal/test_runner/test:1163:12)
      at async Test.processPendingSubtests (node:internal/test_runner/test:788:7)

test at tests\dispatch.test.js:388:1
Γ£û prepareDispatchQueue blocks same title and chapter already sent from another source (0.3992ms)
  TypeError [Error]: redis.hmget is not a function
      at prepareDispatchQueue (file:///D:/ikiru-bot/lib/services/dispatch.js:238:19)
      at TestContext.<anonymous> (file:///D:/ikiru-bot/tests/dispatch.test.js:392:21)
      at Test.runInAsyncScope (node:async_hooks:214:14)
      at Test.run (node:internal/test_runner/test:1106:25)
      at Test.processPendingSubtests (node:internal/test_runner/test:788:18)
      at Test.postRun (node:internal/test_runner/test:1235:19)
      at Test.run (node:internal/test_runner/test:1163:12)
      at async Test.processPendingSubtests (node:internal/test_runner/test:788:7)

test at tests\dispatch.test.js:406:1
Γ£û dispatchChapters dedupes same chapter across sources and prefers earliest update (0.3922ms)
  TypeError [Error]: redis.hmget is not a function
      at prepareDispatchQueue (file:///D:/ikiru-bot/lib/services/dispatch.js:238:19)
      at dispatchChapters (file:///D:/ikiru-bot/lib/services/dispatch.js:346:28)
      at TestContext.<anonymous> (file:///D:/ikiru-bot/tests/dispatch.test.js:410:21)
      at Test.runInAsyncScope (node:async_hooks:214:14)
      at Test.run (node:internal/test_runner/test:1106:25)
      at Test.processPendingSubtests (node:internal/test_runner/test:788:18)
      at Test.postRun (node:internal/test_runner/test:1235:19)
      at Test.run (node:internal/test_runner/test:1163:12)
      at async Test.processPendingSubtests (node:internal/test_runner/test:788:7)

test at tests\dispatch.test.js:454:1
Γ£û dispatchChapters persists sent state before moving to the next chapter (0.3071ms)
  TypeError [Error]: redis.hmget is not a function
      at prepareDispatchQueue (file:///D:/ikiru-bot/lib/services/dispatch.js:238:19)
      at dispatchChapters (file:///D:/ikiru-bot/lib/services/dispatch.js:346:28)
      at TestContext.<anonymous> (file:///D:/ikiru-bot/tests/dispatch.test.js:458:21)
      at Test.runInAsyncScope (node:async_hooks:214:14)
      at Test.run (node:internal/test_runner/test:1106:25)
      at Test.processPendingSubtests (node:internal/test_runner/test:788:18)
      at Test.postRun (node:internal/test_runner/test:1235:19)
      at Test.run (node:internal/test_runner/test:1163:12)
      at async Test.processPendingSubtests (node:internal/test_runner/test:788:7)

test at tests\redis-consolidation.test.js:100:1
Γ£û handleMyProgress: lazy migration during list (55.494ms)
  AssertionError [ERR_ASSERTION]: Legacy key should be deleted
  + actual - expected
  
  + {
  +   chapter: 'Chapter 1',
  +   chapterNum: 1,
  +   timestamp: '2026-04-05T05:57:27.093Z',
  +   title: 'Manga A'
  + }
  - null
  
      at TestContext.<anonymous> (file:///D:/ikiru-bot/tests/redis-consolidation.test.js:121:10)
      at async Test.run (node:internal/test_runner/test:1113:7)
      at async startSubtestAfterBootstrap (node:internal/test_runner/harness:358:3) {
    generatedMessage: false,
    code: 'ERR_ASSERTION',
    actual: { title: 'Manga A', chapter: 'Chapter 1', chapterNum: 1, timestamp: '2026-04-05T05:57:27.093Z' },
    expected: null,
    operator: 'strictEqual',
    diff: 'simple'
  }

test at tests\redis-consolidation.test.js:126:1
Γ£û handleMyProgress: write updates to Hash and cleans Legacy (59.7747ms)
  TypeError [Error]: Cannot read properties of null (reading 'chapter')
      at TestContext.<anonymous> (file:///D:/ikiru-bot/tests/redis-consolidation.test.js:148:23)
      at async Test.run (node:internal/test_runner/test:1113:7)
      at async Test.processPendingSubtests (node:internal/test_runner/test:788:7)

test at tests\redis-consolidation.test.js:151:1
Γ£û handleMyProgress: clear removes from both Hash and Legacy (52.4342ms)
  AssertionError [ERR_ASSERTION]: Legacy key should be gone
  + actual - expected
  
  + {
  +   title: 'Manga C'
  + }
  - null
  
      at TestContext.<anonymous> (file:///D:/ikiru-bot/tests/redis-consolidation.test.js:172:10)
      at async Test.run (node:internal/test_runner/test:1113:7)
      at async Test.processPendingSubtests (node:internal/test_runner/test:788:7) {
    generatedMessage: false,
    code: 'ERR_ASSERTION',
    actual: { title: 'Manga C' },
    expected: null,
    operator: 'strictEqual',
    diff: 'simple'
  }

test at tests\scraper-dispatch.integration.test.js:34:1
Γ£û Ikiru whitelist flow narrows orchestration results before dispatch queueing (1.8845ms)
  AssertionError [ERR_ASSERTION]: Expected values to be strictly equal:
  
  0 !== 3
  
      at TestContext.<anonymous> (file:///D:/ikiru-bot/tests/scraper-dispatch.integration.test.js:105:10)
      at async Test.run (node:internal/test_runner/test:1113:7)
      at async startSubtestAfterBootstrap (node:internal/test_runner/harness:358:3) {
    generatedMessage: true,
    code: 'ERR_ASSERTION',
    actual: 0,
    expected: 3,
    operator: 'strictEqual',
    diff: 'simple'
  }

test at tests\source-health.test.js:1:1
Γ£û tests\source-health.test.js (211.9958ms)
  'test failed'

test at tests\whitelist-service.test.js:184:1
Γ£û addWhitelistEntry prevents fuzzy title duplicates (1.2294ms)
  TypeError [Error]: redisClient.hset is not a function
      at addWhitelistEntry (file:///D:/ikiru-bot/lib/services/whitelist.js:107:38)
      at async TestContext.<anonymous> (file:///D:/ikiru-bot/tests/whitelist-service.test.js:189:18)
      at async Test.run (node:internal/test_runner/test:1113:7)
      at async Test.processPendingSubtests (node:internal/test_runner/test:788:7)
