Γ£ö validateDashboardPassword compares with DASHBOARD_PASSWORD (1.298ms)
Γ£ö validateDashboardPassword supports typo env fallback (0.1935ms)
Γ£ö createDashboardSessionToken + isDashboardSessionAuthorized (0.9918ms)
Γ£ö isDashboardSessionAuthorized rejects tampered token (0.2529ms)
Γ£ö isCronAuthorized accepts bearer token (0.2109ms)
Γ£ö isMonitorAuthorized accepts dashboard session for dashboard endpoints (0.3023ms)
Γ£ö isCronAuthorized only accepts dashboard session when explicitly enabled (0.2639ms)
Γ£ö dashboard login failures are throttled per client (0.8979ms)
Γ£ö dashboard login throttle increments atomically across concurrent failures (3.1824ms)
Γ£ö session cookie headers include security attributes (0.4004ms)
Γ£ö shouldReuseCachedCookie rejects missing timestamp (1.3961ms)
Γ£ö shouldReuseCachedCookie accepts recently refreshed cookie (0.2672ms)
Γ£ö shouldReuseCachedCookie expires stale cookie (0.144ms)
Γ£ö shouldBackoffCookieRefresh only during active cooldown (0.2631ms)
Γ£ö classifyErrorType recognizes common buckets (1.5595ms)
Γ£ö normalizeCronLogEntry fills default fields (0.8955ms)
Γ£ö buildCronErrorLog derives code and type (0.357ms)
Γ£ö appendCronLogThrottled skips repeated info logs within throttle window (1.0786ms)
Γ£ö appendCronLog keeps sent summaries out of raw list but aggregates daily stats (1.7934ms)
Γ£ö appendCronDailyStats aggregates failed delivery counts (0.2487ms)
Γ£ö readCronDailyStats returns compact monthly summaries (0.8881ms)
[Upstash Redis] The 'url' property is missing or undefined in your Redis config.
[Upstash Redis] The 'token' property is missing or undefined in your Redis config.
Γ£ö runCronJob includes per-step timing metrics in success status (12.0278ms)
[Upstash Redis] The 'url' property is missing or undefined in your Redis config.
[Upstash Redis] The 'token' property is missing or undefined in your Redis config.
Γ£ö shouldRunChannelValidation returns true for missing timestamp (0.7188ms)
Γ£ö shouldRunChannelValidation returns false before refresh window (0.1354ms)
Γ£ö shouldRunChannelValidation returns true after refresh window (0.1051ms)
[Upstash Redis] The 'url' property is missing or undefined in your Redis config.
[Upstash Redis] The 'token' property is missing or undefined in your Redis config.
Γ£ö dispatchChapters sends new chapter and writes recent entries plus daily stats (44.7865ms)
Γ£ö dispatchChapters skips invalid or already-sent chapters (0.756ms)
Γ£ö dispatchChapters releases lock if all channels fail (231.6078ms)
Γ£ö dispatchChapters runs onDispatchSuccess extra tasks (108.6395ms)
Γ£ö dispatchChapters writes one summary log for multiple sent chapters (244.2107ms)
Γ£ö dispatchChapters preserves chapter order even when later sends finish faster (374.9508ms)
Γ£ö dispatchChapters invalidates dashboard caches after write (109.789ms)
Γ£ö prepareDispatchQueue reports invalid, already sent, and over-limit counts (0.3506ms)
Γ£ö prepareDispatchQueue ignores stale pending claims but blocks fresh pending claims (0.2203ms)
Γ£ö dispatchChapters promotes successful pending claim to sent state (124.5826ms)
Γ£ö dispatchChapters reclaims stale pending claim before sending (108.9427ms)
Γ£ö prepareDispatchQueue blocks same title and chapter already sent from another source (0.3222ms)
Γ£ö dispatchChapters dedupes same chapter across sources and prefers earliest update (123.5742ms)
Γ£ö dispatchChapters persists sent state before moving to the next chapter (247.0384ms)
Γ£û normalizeTitleKey removes punctuation and normalizes spaces (2.3939ms)
Γ£ö isSameNormalizedTitle matches punctuation variants only (0.2167ms)
Γ£ö getChapterNumber extracts numeric chapter (0.2478ms)
Γ£ö createWhitelistMatcher matches by normalized url in sources (0.8678ms)
Γ£ö createWhitelistMatcher matches exact normalized title if url missing (0.1565ms)
Γ£ö createWhitelistMatcher rejects partial title matches if url missing (0.1476ms)
Γ£ö createWhitelistMatcher rejects source mismatch (0.1431ms)
Γ£ö normalizeSource normalizes known aliases (1.4982ms)
Γ£ö normalizeSource defaults unknown source to ikiru (0.1421ms)
Γ£ö sourceLabel returns human-readable label (0.1372ms)
Γ£ö normalizeSourceUrl normalizes shngm and shinigami domains (0.6248ms)
Γ£ö normalizeSourceUrl lowercases and trims trailing slash (0.1478ms)
Γ£ö inferSourceFromUrl detects canonical source from url (0.3741ms)
Γ£ö normalizeMarkReason returns key for valid reasons (2.394ms)
Γ£ö normalizeMarkReason handles mixed casing and spacing (0.5314ms)
Γ£ö normalizeMarkReason returns null for clear/none/unknown (0.3206ms)
Γ£ö MARK_REASON_LABELS is frozen and contains expected keys (0.1716ms)
Γ£ö normalizeWhitelist returns empty array for non-array input (1.3724ms)
Γ£ö normalizeWhitelist skips items without title (3.5355ms)
Γ£ö normalizeWhitelist normalizes sources correctly (2.296ms)
Γ£ö normalizeWhitelist deduplicates by normalized title key (0.2081ms)
Γ£ö normalizeWhitelist does not add duplicate source entries during merge (0.1468ms)
Γ£ö normalizeWhitelist handles items with no sources array (0.1963ms)
Γ£ö normalizeWhitelist normalizes mark reasons in sources (0.1333ms)
[Upstash Redis] The 'url' property is missing or undefined in your Redis config.
[Upstash Redis] The 'token' property is missing or undefined in your Redis config.
Γ£ö writeCronStatus writes last-run payload and refreshes status cache without invalidation (1.0037ms)
Γ£ö isGuildAdmin accepts administrator permission (0.7971ms)
Γ£ö isGuildAdmin accepts manage guild permission (1.0919ms)
Γ£ö isGuildAdmin rejects regular member permissions (0.1291ms)
Γ£ö isAddAllowedUser accepts configured allowlist IDs (0.2787ms)
Γ£ö ensureAddAllowedResponse rejects users outside add allowlist (0.9133ms)
[Upstash Redis] The 'url' property is missing or undefined in your Redis config.
[Upstash Redis] The 'token' property is missing or undefined in your Redis config.
Γ£ö sortRecentItems uses sentOrder to stabilize same-batch ordering (1.6874ms)
[Upstash Redis] The 'url' property is missing or undefined in your Redis config.
[Upstash Redis] The 'token' property is missing or undefined in your Redis config.
Γ£ö channel store reads from hash without legacy scan (5.8612ms)
Γ£ö channel store migrates legacy guild keys into hash (0.418ms)
Γ£ö channel store falls back to legacy key for single guild and hydrates hash (0.203ms)
Γ£ö channel store delete removes hash and legacy entries (0.2857ms)
[Upstash Redis] The 'url' property is missing or undefined in your Redis config.
[Upstash Redis] The 'token' property is missing or undefined in your Redis config.
Γ£ö resync chapter ordering should stay ascending within one title (1.0451ms)
Γ£ö resync chapter ordering should preserve title groups while sorting within each title (5.968ms)
Γ£ö buildScrapeOptions keeps manual and cron scrape preferences aligned (1.8816ms)
[Upstash Redis] The 'url' property is missing or undefined in your Redis config.
[Upstash Redis] The 'token' property is missing or undefined in your Redis config.
Γ£ö Ikiru whitelist flow narrows orchestration results before dispatch queueing (3.6083ms)
Γ£ö collectIkiruRecentChaptersFromMangaPage reads full series chapter list within 24h (8.6596ms)
Γ£ö collectIkiruRecentChaptersFromMangaPage respects seen chapter keys (2.9727ms)
Γ£ö collectIkiruRecentChaptersFromAjaxHtml reads multiple fresh chapters from chapter_list response (1.6574ms)
Γ£ö shouldBreakIkiruLatestScan stops after consecutive stale pages (0.1719ms)
Γ£ö shouldPrioritizeSecondaryTitle defaults to true when no preferred set (0.636ms)
Γ£ö shouldPrioritizeSecondaryTitle matches exact normalized titles only (0.2681ms)
Γ£ö shouldPrioritizeSecondaryEntry can fall back to canonical manga url (0.6896ms)
[Upstash Redis] The 'url' property is missing or undefined in your Redis config.
[Upstash Redis] The 'token' property is missing or undefined in your Redis config.
Γ£ö defaultSourceHealth returns healthy baseline (0.6474ms)
Γ£ö sanitizeSourceHealth normalizes invalid values (0.144ms)
Γ£ö applySourceOutcome marks source degraded after threshold (1.5105ms)
Γ£ö applySourceOutcome resets health on success (0.1501ms)
Γ£ö isSourceInCooldown checks disabledUntil (0.1749ms)
Γ£ö buildNextSourceHealthMap applies outcomes for each source (0.1817ms)
Γ£ö getDisabledSources returns sources currently in cooldown (0.6469ms)
Γ£û loadSourceHealthMap and saveSourceHealthMap use redis keys correctly (1.0443ms)
Γ£ö status cache encodes null with a sentinel (2.9673ms)
Γ£ö status cache leaves non-null payloads unchanged (0.3126ms)
Γ£ö status cache hit detection treats nullish values as misses (1.2688ms)
Γ£ö normalizeMarkReason accepts supported values (0.5562ms)
Γ£ö formatMarkedTitle appends label when mark exists (0.1072ms)
Γ£ö findWhitelistEntryIndex respects nested sources (0.5112ms)
Γ£ö resolveWhitelistQuery handles consolidated titles (0.1897ms)
Γ£ö resolveWhitelistQuery keeps numeric remove behavior stable (0.0906ms)
Γ£ö resolveWhitelistSource aligns source with canonical url (0.2132ms)
Γ£ö removeWhitelistEntry handles nested items (0.2984ms)
Γ£ö markWhitelistEntry marks all sources (0.3023ms)
Γ£ö resolveWhitelistQuery finds matches with minor typos (fuzzy) (0.3873ms)
Γ£ö addWhitelistEntry prevents fuzzy title duplicates (0.9318ms)
[Upstash Redis] The 'url' property is missing or undefined in your Redis config.
[Upstash Redis] The 'token' property is missing or undefined in your Redis config.
Γ£ö formatMarkedTitle returns plain title when no mark (0.6289ms)
Γ£ö formatMarkedTitle appends label for valid mark on item (0.1078ms)
Γ£ö formatMarkedTitle reads mark from first source if item.mark is absent (0.0939ms)
Γ£ö formatMarkedTitle ignores invalid mark values (0.0725ms)
Γ£ö formatMarkedTitle handles empty/undefined input (0.0991ms)
Γ£ö buildAddSuccessMessage formats correctly (0.1114ms)
Γ£ö buildAddSuccessMessage handles shinigami source (0.0869ms)
Γ£ö buildAddExistsMessage formats correctly (0.0989ms)
Γä╣ tests 114
Γä╣ suites 0
Γä╣ pass 112
Γä╣ fail 2
Γä╣ cancelled 0
Γä╣ skipped 0
Γä╣ todo 0
Γä╣ duration_ms 1841.6402

Γ£û failing tests:

test at tests\domain-manga.test.js:10:1
Γ£û normalizeTitleKey removes punctuation and normalizes spaces (2.3939ms)
  AssertionError [ERR_ASSERTION]: Expected values to be strictly equal:
  + actual - expected
  
  + 'sololeveling'
  - 'solo leveling'
         ^
  
      at TestContext.<anonymous> (file:///D:/ikiru-bot/tests/domain-manga.test.js:11:10)
      at Test.runInAsyncScope (node:async_hooks:214:14)
      at Test.run (node:internal/test_runner/test:1106:25)
      at Test.start (node:internal/test_runner/test:1003:17)
      at startSubtestAfterBootstrap (node:internal/test_runner/harness:358:17) {
    generatedMessage: true,
    code: 'ERR_ASSERTION',
    actual: 'sololeveling',
    expected: 'solo leveling',
    operator: 'strictEqual',
    diff: 'simple'
  }

test at tests\source-health.test.js:122:1
Γ£û loadSourceHealthMap and saveSourceHealthMap use redis keys correctly (1.0443ms)
  AssertionError [ERR_ASSERTION]: Expected values to be strictly equal:
  
  2 !== 1
  
      at TestContext.<anonymous> (file:///D:/ikiru-bot/tests/source-health.test.js:168:10)
      at async Test.run (node:internal/test_runner/test:1113:7)
      at async Test.processPendingSubtests (node:internal/test_runner/test:788:7) {
    generatedMessage: true,
    code: 'ERR_ASSERTION',
    actual: 2,
    expected: 1,
    operator: 'strictEqual',
    diff: 'simple'
  }
